E4 rep1 wordcount-20         one=f repair=P(4) resample=P constrained=P
E4 rep1 wordcount-33         one=f repair=f(4) resample=P constrained=P
E4 rep1 no-letter-e          one=f repair=f(4) resample=f constrained=P
E4 rep1 no-letter-a          one=P repair=P(1) resample=P constrained=P
E4 rep1 json-keys            one=P repair=P(1) resample=P constrained=P
E4 rep1 json-array-5         one=P repair=P(1) resample=P constrained=P
E4 rep1 lowercase-nocomma    one=P repair=P(1) resample=P constrained=P
E4 rep1 bullets-4            one=P repair=P(1) resample=P constrained=P
E4 rep1 bullets-6            one=P repair=P(1) resample=P constrained=P
E4 rep1 word-twice           one=P repair=P(1) resample=P constrained=f ERR
E4 rep1 startswith-S         one=P repair=P(1) resample=P constrained=P
E4 rep1 endswith-phrase      one=P repair=P(1) resample=P constrained=P
E4 rep1 title-case-line      one=P repair=P(1) resample=P constrained=P
E4 rep1 sentences-4          one=P repair=P(1) resample=P constrained=P
E4 rep1 no-vowel-a-e         one=f repair=f(4) resample=f constrained=P
E4 rep1 exactly-two-commas   one=P repair=P(1) resample=P constrained=P
E4 rep1 wc-12                one=P repair=P(1) resample=P constrained=P
E4 rep1 wc-15                one=f repair=P(3) resample=P constrained=P
E4 rep1 wc-25                one=f repair=P(3) resample=P constrained=P
E4 rep1 wc-40                one=P repair=P(1) resample=P constrained=P
E4 rep1 wc-50                one=f repair=P(2) resample=f constrained=P
E4 rep1 no-o                 one=f repair=f(4) resample=f constrained=P
E4 rep1 no-t                 one=f repair=f(4) resample=f constrained=P
E4 rep1 no-s                 one=f repair=P(2) resample=f constrained=P
E4 rep1 no-i                 one=P repair=P(1) resample=P constrained=P
E4 rep1 no-n                 one=f repair=f(4) resample=f constrained=P
E4 rep1 commas-1             one=f repair=P(2) resample=f constrained=P
E4 rep1 commas-3             one=f repair=P(4) resample=P constrained=P
E4 rep1 sent-2               one=P repair=P(1) resample=P constrained=P
E4 rep1 sent-5               one=P repair=P(1) resample=P constrained=P
E4 rep1 sent-6               one=P repair=P(1) resample=P constrained=P
E4 rep1 start-T              one=P repair=P(1) resample=P constrained=P
E4 rep1 start-B              one=P repair=P(1) resample=P constrained=P
E4 rep1 start-M              one=P repair=P(1) resample=P constrained=P
E4 rep1 water-3              one=f repair=f(4) resample=P constrained=f ERR
E4 rep1 time-2               one=f repair=P(2) resample=f constrained=f ERR
E4 rep1 uppercase            one=P repair=P(1) resample=P constrained=P
E4 rep1 excl-3               one=P repair=P(1) resample=P constrained=P
E4 rep1 title-7              one=P repair=P(1) resample=P constrained=P
E4 rep1: one-shot 61.5% repair 82.1% resample 76.9% constrained 92.3%
E4 rep2 wordcount-20         one=f repair=P(2) resample=P constrained=P
E4 rep2 wordcount-33         one=f repair=P(2) resample=f constrained=P
E4 rep2 no-letter-e          one=f repair=f(4) resample=f constrained=P
E4 rep2 no-letter-a          one=P repair=P(1) resample=P constrained=P
E4 rep2 json-keys            one=P repair=P(1) resample=P constrained=P
E4 rep2 json-array-5         one=P repair=P(1) resample=P constrained=P
E4 rep2 lowercase-nocomma    one=P repair=P(1) resample=P constrained=P
E4 rep2 bullets-4            one=P repair=P(1) resample=P constrained=P
E4 rep2 bullets-6            one=P repair=P(1) resample=P constrained=P
E4 rep2 word-twice           one=P repair=P(1) resample=P constrained=f ERR
E4 rep2 startswith-S         one=P repair=P(1) resample=P constrained=P
E4 rep2 endswith-phrase      one=P repair=P(1) resample=P constrained=P
E4 rep2 title-case-line      one=P repair=P(1) resample=P constrained=P
E4 rep2 sentences-4          one=P repair=P(1) resample=P constrained=P
E4 rep2 no-vowel-a-e         one=f repair=f(4) resample=f constrained=P
E4 rep2 exactly-two-commas   one=P repair=P(1) resample=P constrained=P
E4 rep2 wc-12                one=f repair=P(2) resample=P constrained=P
E4 rep2 wc-15                one=P repair=P(1) resample=P constrained=P
E4 rep2 wc-25                one=f repair=f(4) resample=P constrained=P
E4 rep2 wc-40                one=f repair=P(2) resample=f constrained=P
E4 rep2 wc-50                one=f repair=P(4) resample=P constrained=P
E4 rep2 no-o                 one=f repair=f(4) resample=f constrained=P
E4 rep2 no-t                 one=f repair=f(4) resample=f constrained=P
E4 rep2 no-s                 one=f repair=P(2) resample=f constrained=P
E4 rep2 no-i                 one=f repair=f(4) resample=P constrained=P
E4 rep2 no-n                 one=f repair=f(4) resample=f constrained=P
E4 rep2 commas-1             one=P repair=P(1) resample=P constrained=P
E4 rep2 commas-3             one=f repair=f(4) resample=f constrained=P
E4 rep2 sent-2               one=P repair=P(1) resample=P constrained=P
E4 rep2 sent-5               one=P repair=P(1) resample=P constrained=P
E4 rep2 sent-6               one=P repair=P(1) resample=P constrained=P
E4 rep2 start-T              one=P repair=P(1) resample=P constrained=P
E4 rep2 start-B              one=P repair=P(1) resample=P constrained=P
E4 rep2 start-M              one=P repair=P(1) resample=P constrained=P
E4 rep2 water-3              one=P repair=P(1) resample=P constrained=f ERR
E4 rep2 time-2               one=P repair=P(1) resample=P constrained=f ERR
E4 rep2 uppercase            one=P repair=P(1) resample=P constrained=P
E4 rep2 excl-3               one=P repair=P(1) resample=P constrained=P
E4 rep2 title-7              one=f repair=P(3) resample=P constrained=P
E4 rep2: one-shot 61.5% repair 79.5% resample 76.9% constrained 92.3%
E4 rep3 wordcount-20         one=P repair=P(1) resample=P constrained=P
E4 rep3 wordcount-33         one=f repair=f(4) resample=f constrained=P
E4 rep3 no-letter-e          one=f repair=f(4) resample=f constrained=P
E4 rep3 no-letter-a          one=f repair=f(4) resample=P constrained=P
E4 rep3 json-keys            one=P repair=P(1) resample=P constrained=P
E4 rep3 json-array-5         one=P repair=P(1) resample=P constrained=P
E4 rep3 lowercase-nocomma    one=P repair=P(1) resample=P constrained=P
E4 rep3 bullets-4            one=P repair=P(1) resample=P constrained=P
E4 rep3 bullets-6            one=P repair=P(1) resample=P constrained=P
E4 rep3 word-twice           one=P repair=P(1) resample=P constrained=f ERR
E4 rep3 startswith-S         one=P repair=P(1) resample=P constrained=P
E4 rep3 endswith-phrase      one=P repair=P(1) resample=P constrained=P
E4 rep3 title-case-line      one=P repair=P(1) resample=P constrained=P
E4 rep3 sentences-4          one=P repair=P(1) resample=P constrained=P
E4 rep3 no-vowel-a-e         one=f repair=f(4) resample=f constrained=P
E4 rep3 exactly-two-commas   one=P repair=P(1) resample=P constrained=P
E4 rep3 wc-12                one=P repair=P(1) resample=P constrained=P
E4 rep3 wc-15                one=P repair=P(1) resample=P constrained=P
E4 rep3 wc-25                one=f repair=P(4) resample=P constrained=P
E4 rep3 wc-40                one=f repair=P(2) resample=f constrained=P
E4 rep3 wc-50                one=f repair=P(3) resample=f constrained=P
E4 rep3 no-o                 one=f repair=f(4) resample=f constrained=P
E4 rep3 no-t                 one=f repair=f(4) resample=f constrained=P
E4 rep3 no-s                 one=f repair=P(4) resample=f constrained=P
E4 rep3 no-i                 one=f repair=P(2) resample=P constrained=P
E4 rep3 no-n                 one=f repair=f(4) resample=f constrained=P
E4 rep3 commas-1             one=f repair=P(2) resample=f constrained=P
E4 rep3 commas-3             one=f repair=P(2) resample=P constrained=P
E4 rep3 sent-2               one=P repair=P(1) resample=P constrained=P
E4 rep3 sent-5               one=P repair=P(1) resample=P constrained=P
E4 rep3 sent-6               one=P repair=P(1) resample=P constrained=P
E4 rep3 start-T              one=P repair=P(1) resample=P constrained=P
E4 rep3 start-B              one=P repair=P(1) resample=P constrained=P
E4 rep3 start-M              one=P repair=P(1) resample=P constrained=P
E4 rep3 water-3              one=P repair=P(1) resample=P constrained=f ERR
E4 rep3 time-2               one=f repair=P(2) resample=P constrained=f ERR
E4 rep3 uppercase            one=P repair=P(1) resample=P constrained=P
E4 rep3 excl-3               one=P repair=P(1) resample=P constrained=P
E4 rep3 title-7              one=P repair=P(1) resample=P constrained=P
E4 rep3: one-shot 61.5% repair 82.1% resample 74.4% constrained 92.3%
E4 DONE: one-shot 61.5 repair 81.2 resample 76.1 constrained 92.3 | constrained-repair 11.1 [-3.4, 25.6] | verdict: no separation on the self-authored set between grammar-constrained decoding and the repair loop
